vite v5.3.1 building for production...
transforming...
✓ 2069 modules transformed.
rendering chunks...
